
================================================================================================
  task34a2_gate_aligned_crn.py -- gate-identity-keyed CRN (second attempt, LOCAL, zero shots)
================================================================================================

  -- VALIDATION: build_folded_with_parent_tags vs task28d's fold_all_gates, must be gate-identical --
    fold=1: identical -- PASS
    fold=3: identical -- PASS
    fold=5: identical -- PASS

  TRUE exact <IYYI> (zero noise): -0.9613

  -- generating 256 draws per fold, GATE-ALIGNED (shared twirl decision per original gate) and INDEPENDENT (control) --
    64/256 draws done
    128/256 draws done
    192/256 draws done
    256/256 draws done

  -- CORRELATION: GATE-ALIGNED CRN vs INDEPENDENT (control) --
    fold 1 vs 3:
      GATE-ALIGNED: rho=+0.5369   Var(E1-E3)/[Var(E1)+Var(E3)]=0.5823
      INDEPENDENT:  rho=+0.0762  (control baseline)
      CRN GAP (aligned - independent) in rho: +0.4607
    fold 1 vs 5:
      GATE-ALIGNED: rho=+0.3565   Var(E1-E5)/[Var(E1)+Var(E5)]=0.8184
      INDEPENDENT:  rho=+0.0152  (control baseline)
      CRN GAP (aligned - independent) in rho: +0.3412

  -- VERDICT (thresholds: green rho>0.9, yellow 0.6-0.9, red rho<0.3) --
    fold 1 vs 3: rho_aligned=+0.5369 -> borderline
    fold 1 vs 5: rho_aligned=+0.3565 -> borderline

  -- BOTTOM-LINE TEST: does CRN actually tighten the zero-noise (fold->0) extrapolation? --
     2-point linear Richardson, folds (1,3): E0_est = 2*E1 - E3, per draw, 256 draws
     RAW fold-1 alone (no extrapolation, reference): std=0.5976
     ZNE, INDEPENDENT draws: E0_mean=-0.9197  bias=+0.0416  std=1.7367
     ZNE, MATCHED (CRN) draws: E0_mean=-0.8847  bias=+0.0767  std=1.1780
     CRN std reduction vs independent ZNE: +32.2%
     CRN-ZNE std vs raw-fold-1-alone: -97.1% (ZNE is WORSE than just using fold 1 -- extrapolation amplified noise, exactly the old per-Pauli failure mode, now at the scalar level)

     HONEST READ: bias must also stay reasonable -- |bias_aligned|=0.0767 vs |bias_indep|=0.0416 (both should be small if 2-point linear Richardson is a reasonable local model; a big bias here means the fold-1-to-3 response isn't well-approximated as linear for this label, a separate problem from variance).

  Results saved -> C:\Users\Admin\projects\quantum-chemistry-vqe\vqe\task34a2_gate_aligned_crn_results.json

