
================================================================================================
  task37e_real_calibration_submission.py -- REAL submission, 2 dedicated calibration circuits
================================================================================================
  ZZ circuit:   OrderedDict({'gpi2': 4, 'zz': 1, 'gpi': 1})
  GPi2 circuit: OrderedDict({'gpi2': 1})
  connected, backend=ionq_simulator
    ideal: 2 circuits done
    aria-1: 2 circuits done
    forte-1: 2 circuits done

  -- RESULTS: measured <XI>/<Z>, implied delta_zz/delta_gpi2, shot-noise floor --

  === ideal ===
    <XI> = +0.000900  ->  delta_zz_hat   = -0.000143  (SE~5.03e-04)  within shot-noise floor
    <Z>  = -0.001140  ->  delta_gpi2_hat = +0.001140  (SE~3.16e-03)  within shot-noise floor

  === aria-1 ===
    <XI> = +0.007160  ->  delta_zz_hat   = -0.001140  (SE~5.03e-04)  SIGNIFICANT (>2 SE)
    <Z>  = -0.000560  ->  delta_gpi2_hat = +0.000560  (SE~3.16e-03)  within shot-noise floor

  === forte-1 ===
    <XI> = -0.003320  ->  delta_zz_hat   = +0.000528  (SE~5.03e-04)  within shot-noise floor
    <Z>  = -0.001920  ->  delta_gpi2_hat = +0.001920  (SE~3.16e-03)  within shot-noise floor

  -- SANITY CHECK: ideal backend should read ~0 for both (no real hardware noise) -- PASS

  Results saved -> C:\Users\Admin\projects\quantum-chemistry-vqe\vqe\task37e_real_calibration_submission_results.json

